
Discarded input sections

 .group         0x00000000        0xc ./src/GPIO_Program.o
 .group         0x00000000        0xc ./src/GPIO_Program.o
 .group         0x00000000        0xc ./src/GPIO_Program.o
 .group         0x00000000        0xc ./src/GPIO_Program.o
 .group         0x00000000        0xc ./src/GPIO_Program.o
 .text          0x00000000        0x0 ./src/GPIO_Program.o
 .data          0x00000000        0x0 ./src/GPIO_Program.o
 .bss           0x00000000        0x0 ./src/GPIO_Program.o
 .text.MGPIO_voidSetPinDirection
                0x00000000      0x118 ./src/GPIO_Program.o
 .text.MGPIO_voidSetPinValue
                0x00000000       0x98 ./src/GPIO_Program.o
 .text.MGPIO_u8GetPinValue
                0x00000000       0x60 ./src/GPIO_Program.o
 .debug_info    0x00000000      0x218 ./src/GPIO_Program.o
 .debug_abbrev  0x00000000       0xf4 ./src/GPIO_Program.o
 .debug_loc     0x00000000      0x6cc ./src/GPIO_Program.o
 .debug_aranges
                0x00000000       0x30 ./src/GPIO_Program.o
 .debug_ranges  0x00000000       0x20 ./src/GPIO_Program.o
 .debug_macro   0x00000000       0x3f ./src/GPIO_Program.o
 .debug_macro   0x00000000      0xa96 ./src/GPIO_Program.o
 .debug_macro   0x00000000       0x34 ./src/GPIO_Program.o
 .debug_macro   0x00000000       0x10 ./src/GPIO_Program.o
 .debug_macro   0x00000000       0x1c ./src/GPIO_Program.o
 .debug_macro   0x00000000       0xd0 ./src/GPIO_Program.o
 .debug_line    0x00000000      0x14b ./src/GPIO_Program.o
 .debug_str     0x00000000     0x32aa ./src/GPIO_Program.o
 .comment       0x00000000       0x7f ./src/GPIO_Program.o
 .debug_frame   0x00000000       0x78 ./src/GPIO_Program.o
 .ARM.attributes
                0x00000000       0x33 ./src/GPIO_Program.o
 .group         0x00000000        0xc ./src/_write.o
 .text          0x00000000        0x0 ./src/_write.o
 .data          0x00000000        0x0 ./src/_write.o
 .bss           0x00000000        0x0 ./src/_write.o
 .debug_info    0x00000000       0x21 ./src/_write.o
 .debug_abbrev  0x00000000       0x13 ./src/_write.o
 .debug_aranges
                0x00000000       0x18 ./src/_write.o
 .debug_macro   0x00000000       0x11 ./src/_write.o
 .debug_macro   0x00000000      0xa96 ./src/_write.o
 .debug_line    0x00000000       0x30 ./src/_write.o
 .debug_str     0x00000000     0x2d19 ./src/_write.o
 .comment       0x00000000       0x7f ./src/_write.o
 .ARM.attributes
                0x00000000       0x33 ./src/_write.o
 .group         0x00000000        0xc ./src/main.o
 .group         0x00000000        0xc ./src/main.o
 .group         0x00000000        0xc ./src/main.o
 .group         0x00000000        0xc ./src/main.o
 .text          0x00000000        0x0 ./src/main.o
 .data          0x00000000        0x0 ./src/main.o
 .bss           0x00000000        0x0 ./src/main.o
 .text.main     0x00000000        0x2 ./src/main.o
 .debug_info    0x00000000       0x7e ./src/main.o
 .debug_abbrev  0x00000000       0x45 ./src/main.o
 .debug_aranges
                0x00000000       0x20 ./src/main.o
 .debug_ranges  0x00000000       0x10 ./src/main.o
 .debug_macro   0x00000000       0x2c ./src/main.o
 .debug_macro   0x00000000      0xa96 ./src/main.o
 .debug_macro   0x00000000       0x34 ./src/main.o
 .debug_macro   0x00000000       0x10 ./src/main.o
 .debug_macro   0x00000000       0xd0 ./src/main.o
 .debug_line    0x00000000       0x9f ./src/main.o
 .debug_str     0x00000000     0x312e ./src/main.o
 .comment       0x00000000       0x7f ./src/main.o
 .debug_frame   0x00000000       0x20 ./src/main.o
 .ARM.attributes
                0x00000000       0x33 ./src/main.o

Memory Configuration

Name             Origin             Length             Attributes
RAM              0x20000000         0x00005000         xrw
CCMRAM           0x00000000         0x00000000         xrw
FLASH            0x08000000         0x00008000         xr
FLASHB1          0x00000000         0x00000000         xr
EXTMEMB0         0x00000000         0x00000000         xr
EXTMEMB1         0x00000000         0x00000000         xr
EXTMEMB2         0x00000000         0x00000000         xr
EXTMEMB3         0x00000000         0x00000000         xr
MEMORY_ARRAY     0x00000000         0x00000000         xrw
*default*        0x00000000         0xffffffff

Linker script and memory map

LOAD ./src/GPIO_Program.o
LOAD ./src/_write.o
LOAD ./src/main.o
LOAD f:/imt_sdk_win_64/winarm/armgcc/bin/../lib/gcc/arm-none-eabi/7.2.1/../../../../arm-none-eabi/lib/thumb/v7-m\libstdc++_nano.a
LOAD f:/imt_sdk_win_64/winarm/armgcc/bin/../lib/gcc/arm-none-eabi/7.2.1/../../../../arm-none-eabi/lib/thumb/v7-m\libm.a
START GROUP
LOAD f:/imt_sdk_win_64/winarm/armgcc/bin/../lib/gcc/arm-none-eabi/7.2.1/thumb/v7-m\libgcc.a
LOAD f:/imt_sdk_win_64/winarm/armgcc/bin/../lib/gcc/arm-none-eabi/7.2.1/../../../../arm-none-eabi/lib/thumb/v7-m\libg_nano.a
LOAD f:/imt_sdk_win_64/winarm/armgcc/bin/../lib/gcc/arm-none-eabi/7.2.1/../../../../arm-none-eabi/lib/thumb/v7-m\libc_nano.a
END GROUP
START GROUP
LOAD f:/imt_sdk_win_64/winarm/armgcc/bin/../lib/gcc/arm-none-eabi/7.2.1/thumb/v7-m\libgcc.a
LOAD f:/imt_sdk_win_64/winarm/armgcc/bin/../lib/gcc/arm-none-eabi/7.2.1/../../../../arm-none-eabi/lib/thumb/v7-m\libc_nano.a
END GROUP
                0x20005000                __stack = (ORIGIN (RAM) + LENGTH (RAM))
                0x20005000                _estack = __stack
                0x00000400                __Main_Stack_Size = 0x400
                [!provide]                PROVIDE (_Main_Stack_Size, __Main_Stack_Size)
                0x20004c00                __Main_Stack_Limit = (__stack - __Main_Stack_Size)
                [!provide]                PROVIDE (_Main_Stack_Limit, __Main_Stack_Limit)
                0x00000100                _Minimum_Stack_Size = 0x100
                [!provide]                PROVIDE (_Heap_Begin, _end_noinit)
                [!provide]                PROVIDE (_Heap_Limit, (__stack - __Main_Stack_Size))

.isr_vector     0x08000000        0x0
 FILL mask 0xff
                0x08000000                __vectors_start = ABSOLUTE (.)
                0x08000000                __vectors_start__ = ABSOLUTE (.)
 *(.isr_vector)
 *(.cfmconfig)
 *(.after_vectors .after_vectors.*)

.inits          0x08000000       0x28
                0x08000000                __data_regions_array_start = .
                0x08000000        0x4 LONG 0x8000028 LOADADDR (.data)
                0x08000004        0x4 LONG 0x20000000 ADDR (.data)
                0x08000008        0x4 LONG 0x20000000 (ADDR (.data) + SIZEOF (.data))
                0x0800000c        0x4 LONG 0x8000028 LOADADDR (.data_CCMRAM)
                0x08000010        0x4 LONG 0x0 ADDR (.data_CCMRAM)
                0x08000014        0x4 LONG 0x0 (ADDR (.data_CCMRAM) + SIZEOF (.data_CCMRAM))
                0x08000018                __data_regions_array_end = .
                0x08000018                __bss_regions_array_start = .
                0x08000018        0x4 LONG 0x20000000 ADDR (.bss)
                0x0800001c        0x4 LONG 0x20000000 (ADDR (.bss) + SIZEOF (.bss))
                0x08000020        0x4 LONG 0x0 ADDR (.bss_CCMRAM)
                0x08000024        0x4 LONG 0x0 (ADDR (.bss_CCMRAM) + SIZEOF (.bss_CCMRAM))
                0x08000028                __bss_regions_array_end = .
 *(.init)
 *(.fini)
                0x08000028                . = ALIGN (0x4)
                [!provide]                PROVIDE (__preinit_array_start, .)
 *(.preinit_array_sysinit .preinit_array_sysinit.*)
 *(.preinit_array_platform .preinit_array_platform.*)
 *(.preinit_array .preinit_array.*)
                [!provide]                PROVIDE (__preinit_array_end, .)
                0x08000028                . = ALIGN (0x4)
                [!provide]                PROVIDE (__init_array_start, .)
 *(SORT_BY_NAME(.init_array.*))
 *(.init_array)
                [!provide]                PROVIDE (__init_array_end, .)
                0x08000028                . = ALIGN (0x4)
                [!provide]                PROVIDE (__fini_array_start, .)
 *(SORT_BY_NAME(.fini_array.*))
 *(.fini_array)
                [!provide]                PROVIDE (__fini_array_end, .)

.flashtext
 *(.flashtext .flashtext.*)

.text           0x08000028        0x0
 *(.text .text.*)
 *(.rodata .rodata.* .constdata .constdata.*)
 *(vtable)
 *(.eh_frame*)
 *(.glue_7)
 .glue_7        0x08000028        0x0 linker stubs
 *(.glue_7t)
 .glue_7t       0x08000028        0x0 linker stubs

.vfp11_veneer   0x08000028        0x0
 .vfp11_veneer  0x08000028        0x0 linker stubs

.v4_bx          0x08000028        0x0
 .v4_bx         0x08000028        0x0 linker stubs

.ARM.extab
 *(.ARM.extab* .gnu.linkonce.armextab.*)
                0x08000028                . = ALIGN (0x4)
                0x08000028                __exidx_start = .

.ARM.exidx
 *(.ARM.exidx* .gnu.linkonce.armexidx.*)
                0x08000028                __exidx_end = .
                0x08000028                . = ALIGN (0x4)
                0x08000028                _etext = .
                0x08000028                __etext = .

.data_CCMRAM    0x00000000        0x0 load address 0x08000028
 FILL mask 0xff
 *(.data.CCMRAM .data.CCMRAM.*)
                0x00000000                . = ALIGN (0x4)
                0x08000028                _sidata = LOADADDR (.data)

.data           0x20000000        0x0 load address 0x08000028
 FILL mask 0xff
                0x20000000                _sdata = .
                0x20000000                __data_start__ = .
 *(.data_begin .data_begin.*)
 *(.data .data.*)
 *(.data_end .data_end.*)
                0x20000000                . = ALIGN (0x4)
                0x20000000                _edata = .
                0x20000000                __data_end__ = .

.bss_CCMRAM     0x00000000        0x0
 *(.bss.CCMRAM .bss.CCMRAM.*)

.bss            0x20000000        0x0
                0x20000000                __bss_start__ = .
                0x20000000                _sbss = .
 *(.bss_begin .bss_begin.*)
 *(.bss .bss.*)
 *(COMMON)
 *(.bss_end .bss_end.*)
                0x20000000                . = ALIGN (0x4)
                0x20000000                __bss_end__ = .
                0x20000000                _ebss = .

.noinit_CCMRAM
 *(.noinit.CCMRAM .noinit.CCMRAM.*)

.noinit         0x20000000        0x0
                0x20000000                _noinit = .
 *(.noinit .noinit.*)
                0x20000000                . = ALIGN (0x4)
                0x20000000                _end_noinit = .
                [!provide]                PROVIDE (end, _end_noinit)
                [!provide]                PROVIDE (_end, _end_noinit)
                [!provide]                PROVIDE (__end, _end_noinit)
                [!provide]                PROVIDE (__end__, _end_noinit)

._check_stack   0x20000000      0x100
                0x20000100                . = (. + _Minimum_Stack_Size)
 *fill*         0x20000000      0x100 

.b1text
 *(.b1text)
 *(.b1rodata)
 *(.b1rodata.*)

.eb0text
 *(.eb0text)
 *(.eb0rodata)
 *(.eb0rodata.*)

.eb1text
 *(.eb1text)
 *(.eb1rodata)
 *(.eb1rodata.*)

.eb2text
 *(.eb2text)
 *(.eb2rodata)
 *(.eb2rodata.*)

.eb3text
 *(.eb3text)
 *(.eb3rodata)
 *(.eb3rodata.*)

.stab
 *(.stab)

.stabstr
 *(.stabstr)

.stab.excl
 *(.stab.excl)

.stab.exclstr
 *(.stab.exclstr)

.stab.index
 *(.stab.index)

.stab.indexstr
 *(.stab.indexstr)

.comment
 *(.comment)

.debug
 *(.debug)

.line
 *(.line)

.debug_srcinfo
 *(.debug_srcinfo)

.debug_sfnames
 *(.debug_sfnames)

.debug_aranges
 *(.debug_aranges)

.debug_pubnames
 *(.debug_pubnames)

.debug_info
 *(.debug_info .gnu.linkonce.wi.*)

.debug_abbrev
 *(.debug_abbrev)

.debug_line
 *(.debug_line)

.debug_frame
 *(.debug_frame)

.debug_str
 *(.debug_str)

.debug_loc
 *(.debug_loc)

.debug_macinfo
 *(.debug_macinfo)

.debug_weaknames
 *(.debug_weaknames)

.debug_funcnames
 *(.debug_funcnames)

.debug_typenames
 *(.debug_typenames)

.debug_varnames
 *(.debug_varnames)
OUTPUT(GPIO_Driver.elf elf32-littlearm)
